// Jest Snapshot v1, https://goo.gl/fbAQLP

exports[`CodeBlock CodeBlock Should render a CodeBlock 1`] = `
<li
  className="code-block"
  draggable={true}
  onDragEnd={[MockFunction]}
  onDragOver={[MockFunction]}
  onDragStart={[MockFunction]}
  onDrop={[MockFunction]}
>
  <span>
    cy.get(
    <mark
      className="selector"
    >
      '.button'
    </mark>
    ).click();
  </span>
  <button
    className="delete"
    onClick={[MockFunction]}
    type="button"
  >
    x
  </button>
</li>
`;
